Archive member included because of file (symbol)

C:/Freescale/CW MCU v10.5/MCU/ARM_GCC_Support/ewl/lib/armv7e-m/fpu\libc.a(exit.o)
                              ./Project_Settings/Startup_Code/__arm_start.o (exit)
C:/Freescale/CW MCU v10.5/MCU/ARM_GCC_Support/ewl/lib/armv7e-m/fpu\libc.a(memset.o)
                              ./Project_Settings/Startup_Code/__arm_start.o (memset)
C:/Freescale/CW MCU v10.5/MCU/ARM_GCC_Support/ewl/lib/armv7e-m/fpu\libc.a(printformat_.o)
                              (__pformatter_)
C:/Freescale/CW MCU v10.5/MCU/ARM_GCC_Support/ewl/lib/armv7e-m/fpu\libc.a(scanformat_.o)
                              (__sformatter)
C:/Freescale/CW MCU v10.5/MCU/ARM_GCC_Support/ewl/lib/armv7e-m/fpu\libc.a(ctype_aeabi.o)
                              C:/Freescale/CW MCU v10.5/MCU/ARM_GCC_Support/ewl/lib/armv7e-m/fpu\libc.a(scanformat_.o) (isspace)
C:/Freescale/CW MCU v10.5/MCU/ARM_GCC_Support/ewl/lib/armv7e-m/fpu\libc.a(__strtoul.o)
                              C:/Freescale/CW MCU v10.5/MCU/ARM_GCC_Support/ewl/lib/armv7e-m/fpu\libc.a(scanformat_.o) (__strtoul)
C:/Freescale/CW MCU v10.5/MCU/ARM_GCC_Support/ewl/lib/armv7e-m/fpu\libc.a(__filll_mem.o)
                              C:/Freescale/CW MCU v10.5/MCU/ARM_GCC_Support/ewl/lib/armv7e-m/fpu\libc.a(memset.o) (__fill_mem)
C:/Freescale/CW MCU v10.5/MCU/ARM_GCC_Support/ewl/lib/armv7e-m/fpu\libc.a(memchr.o)
                              C:/Freescale/CW MCU v10.5/MCU/ARM_GCC_Support/ewl/lib/armv7e-m/fpu\libc.a(printformat_.o) (memchr)
C:/Freescale/CW MCU v10.5/MCU/ARM_GCC_Support/ewl/lib/armv7e-m/fpu\libc.a(strchr.o)
                              C:/Freescale/CW MCU v10.5/MCU/ARM_GCC_Support/ewl/lib/armv7e-m/fpu\libc.a(printformat_.o) (strchr)
C:/Freescale/CW MCU v10.5/MCU/ARM_GCC_Support/ewl/lib/armv7e-m/fpu\libc.a(strlen.o)
                              C:/Freescale/CW MCU v10.5/MCU/ARM_GCC_Support/ewl/lib/armv7e-m/fpu\libc.a(printformat_.o) (strlen)
C:/Freescale/CW MCU v10.5/MCU/ARM_GCC_Support/ewl/lib/armv7e-m/fpu\librt.a(gcc_ctor_dtor.o)
                              ./Project_Settings/Startup_Code/__arm_start.o (__init_cpp)
C:/Freescale/CW MCU v10.5/MCU/ARM_GCC_Support/ewl/lib/armv7e-m/fpu\librt.a(ROMCopy.o)
                              ./Project_Settings/Startup_Code/__arm_start.o (__copy_rom_sections_to_ram)
C:/Freescale/CW MCU v10.5/MCU/ARM_GCC_Support/ewl/lib/armv7e-m/fpu\librt.a(__arm_eabi_init.o)
                              C:/Freescale/CW MCU v10.5/MCU/ARM_GCC_Support/ewl/lib/armv7e-m/fpu\libc.a(exit.o) (__destroy_global_chain)

Allocating common symbols
Common symbol       size              file

SR_reg              0x1               ./Generated_Code/Cpu.o
DacPtr              0x4               ./Sources/ProcessorExpert.o

Discarded input sections

 .text          0x00000000        0x0 ./Generated_Code/modulePIT0.o
 .data          0x00000000        0x0 ./Generated_Code/modulePIT0.o
 .bss           0x00000000        0x0 ./Generated_Code/modulePIT0.o
 .text          0x00000000        0x0 ./Generated_Code/Vectors.o
 .data          0x00000000        0x0 ./Generated_Code/Vectors.o
 .bss           0x00000000        0x0 ./Generated_Code/Vectors.o
 .text          0x00000000        0x0 ./Generated_Code/PE_LDD.o
 .data          0x00000000        0x0 ./Generated_Code/PE_LDD.o
 .bss           0x00000000        0x0 ./Generated_Code/PE_LDD.o
 .rodata.PE_CpuClockConfigurations
                0x00000000       0x28 ./Generated_Code/PE_LDD.o
 .text.PE_FillMemory
                0x00000000       0x30 ./Generated_Code/PE_LDD.o
 .text.PE_PeripheralUsed
                0x00000000       0x40 ./Generated_Code/PE_LDD.o
 .text.LDD_SetClockConfiguration
                0x00000000       0x14 ./Generated_Code/PE_LDD.o
 .text          0x00000000        0x0 ./Generated_Code/PDB.o
 .data          0x00000000        0x0 ./Generated_Code/PDB.o
 .bss           0x00000000        0x0 ./Generated_Code/PDB.o
 .text          0x00000000        0x0 ./Generated_Code/Inhr1.o
 .data          0x00000000        0x0 ./Generated_Code/Inhr1.o
 .bss           0x00000000        0x0 ./Generated_Code/Inhr1.o
 .text.Inhr1_SetSourceAddress
                0x00000000       0x28 ./Generated_Code/Inhr1.o
 .text.Inhr1_SetDestinationAddress
                0x00000000       0x28 ./Generated_Code/Inhr1.o
 .text.Inhr1_SetByteCount
                0x00000000       0x28 ./Generated_Code/Inhr1.o
 .text          0x00000000        0x0 ./Generated_Code/DMA1.o
 .data          0x00000000        0x0 ./Generated_Code/DMA1.o
 .bss           0x00000000        0x0 ./Generated_Code/DMA1.o
 .text.DMA1_Enable
                0x00000000       0x20 ./Generated_Code/DMA1.o
 .text.DMA1_Disable
                0x00000000       0x20 ./Generated_Code/DMA1.o
 .text.DMA1_StartChannelTransfer
                0x00000000       0x5c ./Generated_Code/DMA1.o
 .text.DMA1_CancelChannelTransfer
                0x00000000       0x7c ./Generated_Code/DMA1.o
 .text.DMA1_SetChannelSourceAddress
                0x00000000       0x80 ./Generated_Code/DMA1.o
 .text.DMA1_SetChannelDestinationAddress
                0x00000000       0x84 ./Generated_Code/DMA1.o
 .text.DMA1_SetChannelByteCount
                0x00000000       0x84 ./Generated_Code/DMA1.o
 .text.GetChannelNumber
                0x00000000       0x4c ./Generated_Code/DMA1.o
 .text          0x00000000        0x0 ./Generated_Code/DAC.o
 .data          0x00000000        0x0 ./Generated_Code/DAC.o
 .bss           0x00000000        0x0 ./Generated_Code/DAC.o
 .text.DAC_Enable
                0x00000000       0x44 ./Generated_Code/DAC.o
 .text.DAC_Disable
                0x00000000       0x40 ./Generated_Code/DAC.o
 .text.DAC_SetBuffer
                0x00000000       0x7c ./Generated_Code/DAC.o
 .text.DAC_SetBufferMode
                0x00000000       0x74 ./Generated_Code/DAC.o
 .text.DAC_SetBufferReadPointer
                0x00000000       0x7c ./Generated_Code/DAC.o
 .text.DAC_GetBufferReadPointer
                0x00000000       0x28 ./Generated_Code/DAC.o
 .text.DAC_SetOperationMode
                0x00000000      0x140 ./Generated_Code/DAC.o
 .text          0x00000000        0x0 ./Generated_Code/Cpu.o
 .data          0x00000000        0x0 ./Generated_Code/Cpu.o
 .bss           0x00000000        0x0 ./Generated_Code/Cpu.o
 .text          0x00000000        0x0 ./Project_Settings/Startup_Code/__arm_start.o
 .data          0x00000000        0x0 ./Project_Settings/Startup_Code/__arm_start.o
 .bss           0x00000000        0x0 ./Project_Settings/Startup_Code/__arm_start.o
 .text.__iar_program_start
                0x00000000        0x4 ./Project_Settings/Startup_Code/__arm_start.o
 .text          0x00000000        0x0 ./Project_Settings/Startup_Code/__arm_end.o
 .data          0x00000000        0x0 ./Project_Settings/Startup_Code/__arm_end.o
 .bss           0x00000000        0x0 ./Project_Settings/Startup_Code/__arm_end.o
 .text          0x00000000        0x0 ./Sources/ProcessorExpert.o
 .data          0x00000000        0x0 ./Sources/ProcessorExpert.o
 .bss           0x00000000        0x0 ./Sources/ProcessorExpert.o
 .text          0x00000000        0x0 ./Sources/Events.o
 .data          0x00000000        0x0 ./Sources/Events.o
 .bss           0x00000000        0x0 ./Sources/Events.o
 .text          0x00000000        0x0 C:/Freescale/CW MCU v10.5/MCU/ARM_GCC_Support/ewl/lib/armv7e-m/fpu\libc.a(exit.o)
 .data          0x00000000        0x0 C:/Freescale/CW MCU v10.5/MCU/ARM_GCC_Support/ewl/lib/armv7e-m/fpu\libc.a(exit.o)
 .bss           0x00000000        0x0 C:/Freescale/CW MCU v10.5/MCU/ARM_GCC_Support/ewl/lib/armv7e-m/fpu\libc.a(exit.o)
 .text          0x00000000        0x0 C:/Freescale/CW MCU v10.5/MCU/ARM_GCC_Support/ewl/lib/armv7e-m/fpu\libc.a(memset.o)
 .data          0x00000000        0x0 C:/Freescale/CW MCU v10.5/MCU/ARM_GCC_Support/ewl/lib/armv7e-m/fpu\libc.a(memset.o)
 .bss           0x00000000        0x0 C:/Freescale/CW MCU v10.5/MCU/ARM_GCC_Support/ewl/lib/armv7e-m/fpu\libc.a(memset.o)
 .text          0x00000000        0x0 C:/Freescale/CW MCU v10.5/MCU/ARM_GCC_Support/ewl/lib/armv7e-m/fpu\libc.a(printformat_.o)
 .data          0x00000000        0x0 C:/Freescale/CW MCU v10.5/MCU/ARM_GCC_Support/ewl/lib/armv7e-m/fpu\libc.a(printformat_.o)
 .bss           0x00000000        0x0 C:/Freescale/CW MCU v10.5/MCU/ARM_GCC_Support/ewl/lib/armv7e-m/fpu\libc.a(printformat_.o)
 .text          0x00000000        0x0 C:/Freescale/CW MCU v10.5/MCU/ARM_GCC_Support/ewl/lib/armv7e-m/fpu\libc.a(scanformat_.o)
 .data          0x00000000        0x0 C:/Freescale/CW MCU v10.5/MCU/ARM_GCC_Support/ewl/lib/armv7e-m/fpu\libc.a(scanformat_.o)
 .bss           0x00000000        0x0 C:/Freescale/CW MCU v10.5/MCU/ARM_GCC_Support/ewl/lib/armv7e-m/fpu\libc.a(scanformat_.o)
 .text          0x00000000        0x0 C:/Freescale/CW MCU v10.5/MCU/ARM_GCC_Support/ewl/lib/armv7e-m/fpu\libc.a(ctype_aeabi.o)
 .data          0x00000000        0x0 C:/Freescale/CW MCU v10.5/MCU/ARM_GCC_Support/ewl/lib/armv7e-m/fpu\libc.a(ctype_aeabi.o)
 .bss           0x00000000        0x0 C:/Freescale/CW MCU v10.5/MCU/ARM_GCC_Support/ewl/lib/armv7e-m/fpu\libc.a(ctype_aeabi.o)
 .text.isalnum  0x00000000       0x18 C:/Freescale/CW MCU v10.5/MCU/ARM_GCC_Support/ewl/lib/armv7e-m/fpu\libc.a(ctype_aeabi.o)
 .text.iscntrl  0x00000000       0x1c C:/Freescale/CW MCU v10.5/MCU/ARM_GCC_Support/ewl/lib/armv7e-m/fpu\libc.a(ctype_aeabi.o)
 .text.isdigit  0x00000000        0xc C:/Freescale/CW MCU v10.5/MCU/ARM_GCC_Support/ewl/lib/armv7e-m/fpu\libc.a(ctype_aeabi.o)
 .text.isgraph  0x00000000       0x18 C:/Freescale/CW MCU v10.5/MCU/ARM_GCC_Support/ewl/lib/armv7e-m/fpu\libc.a(ctype_aeabi.o)
 .text.islower  0x00000000       0x1c C:/Freescale/CW MCU v10.5/MCU/ARM_GCC_Support/ewl/lib/armv7e-m/fpu\libc.a(ctype_aeabi.o)
 .text.isprint  0x00000000       0x18 C:/Freescale/CW MCU v10.5/MCU/ARM_GCC_Support/ewl/lib/armv7e-m/fpu\libc.a(ctype_aeabi.o)
 .text.ispunct  0x00000000       0x1c C:/Freescale/CW MCU v10.5/MCU/ARM_GCC_Support/ewl/lib/armv7e-m/fpu\libc.a(ctype_aeabi.o)
 .text.isupper  0x00000000       0x1c C:/Freescale/CW MCU v10.5/MCU/ARM_GCC_Support/ewl/lib/armv7e-m/fpu\libc.a(ctype_aeabi.o)
 .text.isxdigit
                0x00000000       0x1c C:/Freescale/CW MCU v10.5/MCU/ARM_GCC_Support/ewl/lib/armv7e-m/fpu\libc.a(ctype_aeabi.o)
 .text.isblank  0x00000000       0x28 C:/Freescale/CW MCU v10.5/MCU/ARM_GCC_Support/ewl/lib/armv7e-m/fpu\libc.a(ctype_aeabi.o)
 .text.tolower  0x00000000        0xc C:/Freescale/CW MCU v10.5/MCU/ARM_GCC_Support/ewl/lib/armv7e-m/fpu\libc.a(ctype_aeabi.o)
 .text          0x00000000        0x0 C:/Freescale/CW MCU v10.5/MCU/ARM_GCC_Support/ewl/lib/armv7e-m/fpu\libc.a(__strtoul.o)
 .data          0x00000000        0x0 C:/Freescale/CW MCU v10.5/MCU/ARM_GCC_Support/ewl/lib/armv7e-m/fpu\libc.a(__strtoul.o)
 .bss           0x00000000        0x0 C:/Freescale/CW MCU v10.5/MCU/ARM_GCC_Support/ewl/lib/armv7e-m/fpu\libc.a(__strtoul.o)
 .text          0x00000000        0x0 C:/Freescale/CW MCU v10.5/MCU/ARM_GCC_Support/ewl/lib/armv7e-m/fpu\libc.a(__filll_mem.o)
 .data          0x00000000        0x0 C:/Freescale/CW MCU v10.5/MCU/ARM_GCC_Support/ewl/lib/armv7e-m/fpu\libc.a(__filll_mem.o)
 .bss           0x00000000        0x0 C:/Freescale/CW MCU v10.5/MCU/ARM_GCC_Support/ewl/lib/armv7e-m/fpu\libc.a(__filll_mem.o)
 .text          0x00000000        0x0 C:/Freescale/CW MCU v10.5/MCU/ARM_GCC_Support/ewl/lib/armv7e-m/fpu\libc.a(memchr.o)
 .data          0x00000000        0x0 C:/Freescale/CW MCU v10.5/MCU/ARM_GCC_Support/ewl/lib/armv7e-m/fpu\libc.a(memchr.o)
 .bss           0x00000000        0x0 C:/Freescale/CW MCU v10.5/MCU/ARM_GCC_Support/ewl/lib/armv7e-m/fpu\libc.a(memchr.o)
 .text          0x00000000        0x0 C:/Freescale/CW MCU v10.5/MCU/ARM_GCC_Support/ewl/lib/armv7e-m/fpu\libc.a(strchr.o)
 .data          0x00000000        0x0 C:/Freescale/CW MCU v10.5/MCU/ARM_GCC_Support/ewl/lib/armv7e-m/fpu\libc.a(strchr.o)
 .bss           0x00000000        0x0 C:/Freescale/CW MCU v10.5/MCU/ARM_GCC_Support/ewl/lib/armv7e-m/fpu\libc.a(strchr.o)
 .text          0x00000000        0x0 C:/Freescale/CW MCU v10.5/MCU/ARM_GCC_Support/ewl/lib/armv7e-m/fpu\libc.a(strlen.o)
 .data          0x00000000        0x0 C:/Freescale/CW MCU v10.5/MCU/ARM_GCC_Support/ewl/lib/armv7e-m/fpu\libc.a(strlen.o)
 .bss           0x00000000        0x0 C:/Freescale/CW MCU v10.5/MCU/ARM_GCC_Support/ewl/lib/armv7e-m/fpu\libc.a(strlen.o)
 .text          0x00000000        0x0 C:/Freescale/CW MCU v10.5/MCU/ARM_GCC_Support/ewl/lib/armv7e-m/fpu\librt.a(gcc_ctor_dtor.o)
 .data          0x00000000        0x0 C:/Freescale/CW MCU v10.5/MCU/ARM_GCC_Support/ewl/lib/armv7e-m/fpu\librt.a(gcc_ctor_dtor.o)
 .bss           0x00000000        0x0 C:/Freescale/CW MCU v10.5/MCU/ARM_GCC_Support/ewl/lib/armv7e-m/fpu\librt.a(gcc_ctor_dtor.o)
 .bss.__dso_handle
                0x00000000        0x4 C:/Freescale/CW MCU v10.5/MCU/ARM_GCC_Support/ewl/lib/armv7e-m/fpu\librt.a(gcc_ctor_dtor.o)
 .text          0x00000000        0x0 C:/Freescale/CW MCU v10.5/MCU/ARM_GCC_Support/ewl/lib/armv7e-m/fpu\librt.a(ROMCopy.o)
 .data          0x00000000        0x0 C:/Freescale/CW MCU v10.5/MCU/ARM_GCC_Support/ewl/lib/armv7e-m/fpu\librt.a(ROMCopy.o)
 .bss           0x00000000        0x0 C:/Freescale/CW MCU v10.5/MCU/ARM_GCC_Support/ewl/lib/armv7e-m/fpu\librt.a(ROMCopy.o)
 .text.__flush_cache
                0x00000000        0x2 C:/Freescale/CW MCU v10.5/MCU/ARM_GCC_Support/ewl/lib/armv7e-m/fpu\librt.a(ROMCopy.o)
 .text          0x00000000        0x0 C:/Freescale/CW MCU v10.5/MCU/ARM_GCC_Support/ewl/lib/armv7e-m/fpu\librt.a(__arm_eabi_init.o)
 .data          0x00000000        0x0 C:/Freescale/CW MCU v10.5/MCU/ARM_GCC_Support/ewl/lib/armv7e-m/fpu\librt.a(__arm_eabi_init.o)
 .bss           0x00000000        0x0 C:/Freescale/CW MCU v10.5/MCU/ARM_GCC_Support/ewl/lib/armv7e-m/fpu\librt.a(__arm_eabi_init.o)
 .text.__register_global_object
                0x00000000       0x14 C:/Freescale/CW MCU v10.5/MCU/ARM_GCC_Support/ewl/lib/armv7e-m/fpu\librt.a(__arm_eabi_init.o)
 .text.__cxa_atexit
                0x00000000       0x38 C:/Freescale/CW MCU v10.5/MCU/ARM_GCC_Support/ewl/lib/armv7e-m/fpu\librt.a(__arm_eabi_init.o)
 .text.__aeabi_atexit
                0x00000000        0xa C:/Freescale/CW MCU v10.5/MCU/ARM_GCC_Support/ewl/lib/armv7e-m/fpu\librt.a(__arm_eabi_init.o)
 .text.__register_atexit
                0x00000000        0x8 C:/Freescale/CW MCU v10.5/MCU/ARM_GCC_Support/ewl/lib/armv7e-m/fpu\librt.a(__arm_eabi_init.o)
 .text.__init_hardware
                0x00000000        0x4 C:/Freescale/CW MCU v10.5/MCU/ARM_GCC_Support/ewl/lib/armv7e-m/fpu\librt.a(__arm_eabi_init.o)
 .bss.atexit_curr_func
                0x00000000        0x4 C:/Freescale/CW MCU v10.5/MCU/ARM_GCC_Support/ewl/lib/armv7e-m/fpu\librt.a(__arm_eabi_init.o)
 .bss.atexit_funcs
                0x00000000      0x300 C:/Freescale/CW MCU v10.5/MCU/ARM_GCC_Support/ewl/lib/armv7e-m/fpu\librt.a(__arm_eabi_init.o)

Memory Configuration

Name             Origin             Length             Attributes
m_interrupts     0x00000000         0x000001e8         xr
m_text           0x00000410         0x000ffbf0         xr
m_data           0x1fff0000         0x00010000         rw
m_data_20000000  0x20000000         0x00010000         rw
m_cfmprotrom     0x00000400         0x00000010         xr
*default*        0x00000000         0xffffffff

Linker script and memory map

LOAD ./Generated_Code/modulePIT0.o
LOAD ./Generated_Code/Vectors.o
LOAD ./Generated_Code/PE_LDD.o
LOAD ./Generated_Code/PDB.o
LOAD ./Generated_Code/Inhr1.o
LOAD ./Generated_Code/DMA1.o
LOAD ./Generated_Code/DAC.o
LOAD ./Generated_Code/Cpu.o
LOAD ./Project_Settings/Startup_Code/__arm_start.o
LOAD ./Project_Settings/Startup_Code/__arm_end.o
LOAD ./Sources/ProcessorExpert.o
LOAD ./Sources/Events.o
                0x00002338                __pformatter = __pformatter_
                [0x00002730]                __sformatter = __sformatter
START GROUP
LOAD C:/Freescale/CW MCU v10.5/MCU/ARM_GCC_Support/ewl/lib/armv7e-m/fpu\libc.a
LOAD C:/Freescale/CW MCU v10.5/MCU/ARM_GCC_Support/ewl/lib/armv7e-m/fpu\libm.a
LOAD c:/freescale/cw mcu v10.5/cross_tools/arm-none-eabi-gcc-4_7_3/bin/../lib/gcc/arm-none-eabi/4.7.3/armv7e-m/fpu\libgcc.a
LOAD C:/Freescale/CW MCU v10.5/MCU/ARM_GCC_Support/ewl/lib/armv7e-m/fpu\librt.a
LOAD C:/Freescale/CW MCU v10.5/MCU/ARM_GCC_Support/ewl/lib/armv7e-m/fpu\libuart.a
END GROUP
                0x20000000                _estack = 0x20000000
                0x20000000                __SP_INIT = _estack
                0x00000000                __heap_size = 0x0
                0x00000400                __stack_size = 0x400

.interrupts     0x00000000      0x1e8
                0x00000000                __vector_table = .
                0x00000000                . = ALIGN (0x4)
 *(.vectortable)
 .vectortable   0x00000000      0x1e8 ./Generated_Code/Vectors.o
                0x00000000                __vect_table
                0x000001e8                . = ALIGN (0x4)

.cfmprotect     0x00000400       0x10
                0x00000400                . = ALIGN (0x4)
 *(.cfmconfig)
 .cfmconfig     0x00000400       0x10 ./Generated_Code/Cpu.o
                0x00000400                _cfm
                0x00000410                . = ALIGN (0x4)

.text           0x00000410     0x2f8c
                0x00000410                . = ALIGN (0x4)
 *(.text)
 *(.text*)
 .text.modulePIT0_Init
                0x00000410      0x11c ./Generated_Code/modulePIT0.o
                0x00000410                modulePIT0_Init
 .text.PDB_Init
                0x0000052c      0x2d4 ./Generated_Code/PDB.o
                0x0000052c                PDB_Init
 .text.Inhr1_Init
                0x00000800      0x224 ./Generated_Code/Inhr1.o
                0x00000800                Inhr1_Init
 .text.Inhr1_AllocateChannel
                0x00000a24       0x24 ./Generated_Code/Inhr1.o
                0x00000a24                Inhr1_AllocateChannel
 .text.Inhr1_EnableChannel
                0x00000a48       0x24 ./Generated_Code/Inhr1.o
                0x00000a48                Inhr1_EnableChannel
 .text.DMA1_Init
                0x00000a6c      0x1d8 ./Generated_Code/DMA1.o
                0x00000a6c                DMA1_Init
 .text.DMA1_AllocateChannel
                0x00000c44       0x70 ./Generated_Code/DMA1.o
                0x00000c44                DMA1_AllocateChannel
 .text.DMA1_EnableChannel
                0x00000cb4      0x888 ./Generated_Code/DMA1.o
                0x00000cb4                DMA1_EnableChannel
 .text.VerifyDescriptor
                0x0000153c       0xc4 ./Generated_Code/DMA1.o
 .text.GetRecord
                0x00001600       0x58 ./Generated_Code/DMA1.o
 .text.DMA1_ErrorInterrupt
                0x00001658       0xbc ./Generated_Code/DMA1.o
                0x00001658                DMA1_ErrorInterrupt
 .text.DMA1_Channel0Interrupt
                0x00001714       0x5c ./Generated_Code/DMA1.o
                0x00001714                DMA1_Channel0Interrupt
 .text.DAC_Init
                0x00001770      0x170 ./Generated_Code/DAC.o
                0x00001770                DAC_Init
 .text.Inhr1_OnComplete
                0x000018e0       0x1c ./Generated_Code/DAC.o
                0x000018e0                Inhr1_OnComplete
 .text.Cpu_INT_NMIInterrupt
                0x000018fc       0x1c ./Generated_Code/Cpu.o
                0x000018fc                Cpu_INT_NMIInterrupt
 .text.Cpu_Interrupt
                0x00001918       0x18 ./Generated_Code/Cpu.o
                0x00001918                Cpu_Interrupt
 .text.__init_hardware
                0x00001930      0x28c ./Generated_Code/Cpu.o
                0x00001930                __init_hardware
 .text.Cpu_SetBASEPRI
                0x00001bbc       0x18 ./Generated_Code/Cpu.o
                0x00001bbc                Cpu_SetBASEPRI
 .text.PE_low_level_init
                0x00001bd4      0x1b8 ./Generated_Code/Cpu.o
                0x00001bd4                PE_low_level_init
 .text.zero_fill_bss
                0x00001d8c       0x2c ./Project_Settings/Startup_Code/__arm_start.o
 .text.__thumb_startup
                0x00001db8       0x34 ./Project_Settings/Startup_Code/__arm_start.o
                0x00001db8                __thumb_startup
 .text._ExitProcess
                0x00001dec        0xc ./Project_Settings/Startup_Code/__arm_end.o
                0x00001dec                _ExitProcess
 .text.setDACBuffer
                0x00001df8      0x128 ./Sources/ProcessorExpert.o
                0x00001df8                setDACBuffer
 .text.resetDACBuffer
                0x00001f20       0xf0 ./Sources/ProcessorExpert.o
                0x00001f20                resetDACBuffer
 .text.main     0x00002010       0x40 ./Sources/ProcessorExpert.o
                0x00002010                main
 .text.Cpu_OnNMIINT
                0x00002050        0xc ./Sources/Events.o
                0x00002050                Cpu_OnNMIINT
 .text.PDB_ISR  0x0000205c       0x14 ./Sources/Events.o
                0x0000205c                PDB_ISR
 .text.DAC_OnComplete
                0x00002070       0x14 ./Sources/Events.o
                0x00002070                DAC_OnComplete
 .text.delayInterrupt
                0x00002084       0xd8 ./Sources/Events.o
                0x00002084                delayInterrupt
 .text.exit     0x0000215c       0x38 C:/Freescale/CW MCU v10.5/MCU/ARM_GCC_Support/ewl/lib/armv7e-m/fpu\libc.a(exit.o)
                0x0000215c                exit
 .text.memset   0x00002194        0xc C:/Freescale/CW MCU v10.5/MCU/ARM_GCC_Support/ewl/lib/armv7e-m/fpu\libc.a(memset.o)
                0x00002194                memset
 .text.long2str.isra.0
                0x000021a0      0x196 C:/Freescale/CW MCU v10.5/MCU/ARM_GCC_Support/ewl/lib/armv7e-m/fpu\libc.a(printformat_.o)
 *fill*         0x00002336        0x2 00
 .text.__pformatter_
                0x00002338      0x3f8 C:/Freescale/CW MCU v10.5/MCU/ARM_GCC_Support/ewl/lib/armv7e-m/fpu\libc.a(printformat_.o)
                0x00002338                __pformatter_
 .text.__sformatter
                0x00002730      0x6f4 C:/Freescale/CW MCU v10.5/MCU/ARM_GCC_Support/ewl/lib/armv7e-m/fpu\libc.a(scanformat_.o)
                0x00002730                __sformatter
 .text.isalpha  0x00002e24       0x1c C:/Freescale/CW MCU v10.5/MCU/ARM_GCC_Support/ewl/lib/armv7e-m/fpu\libc.a(ctype_aeabi.o)
                0x00002e24                isalpha
 .text.isspace  0x00002e40       0x1c C:/Freescale/CW MCU v10.5/MCU/ARM_GCC_Support/ewl/lib/armv7e-m/fpu\libc.a(ctype_aeabi.o)
                0x00002e40                isspace
 .text.toupper  0x00002e5c        0xc C:/Freescale/CW MCU v10.5/MCU/ARM_GCC_Support/ewl/lib/armv7e-m/fpu\libc.a(ctype_aeabi.o)
                0x00002e5c                toupper
 .text.__strtoul
                0x00002e68      0x214 C:/Freescale/CW MCU v10.5/MCU/ARM_GCC_Support/ewl/lib/armv7e-m/fpu\libc.a(__strtoul.o)
                0x00002e68                __strtoul
 .text.__fill_mem
                0x0000307c       0x76 C:/Freescale/CW MCU v10.5/MCU/ARM_GCC_Support/ewl/lib/armv7e-m/fpu\libc.a(__filll_mem.o)
                0x0000307c                __fill_mem
 .text.memchr   0x000030f2       0x18 C:/Freescale/CW MCU v10.5/MCU/ARM_GCC_Support/ewl/lib/armv7e-m/fpu\libc.a(memchr.o)
                0x000030f2                memchr
 .text.strchr   0x0000310a       0x1a C:/Freescale/CW MCU v10.5/MCU/ARM_GCC_Support/ewl/lib/armv7e-m/fpu\libc.a(strchr.o)
                0x0000310a                strchr
 .text.strlen   0x00003124       0x10 C:/Freescale/CW MCU v10.5/MCU/ARM_GCC_Support/ewl/lib/armv7e-m/fpu\libc.a(strlen.o)
                0x00003124                strlen
 .text.__init_cpp
                0x00003134       0x4c C:/Freescale/CW MCU v10.5/MCU/ARM_GCC_Support/ewl/lib/armv7e-m/fpu\librt.a(gcc_ctor_dtor.o)
                0x00003134                __init_cpp
 .text.__fini_cpp
                0x00003180       0x34 C:/Freescale/CW MCU v10.5/MCU/ARM_GCC_Support/ewl/lib/armv7e-m/fpu\librt.a(gcc_ctor_dtor.o)
                0x00003180                __fini_cpp
 .text.__copy_rom_section
                0x000031b4       0x44 C:/Freescale/CW MCU v10.5/MCU/ARM_GCC_Support/ewl/lib/armv7e-m/fpu\librt.a(ROMCopy.o)
                0x000031b4                __copy_rom_section
 .text.__copy_rom_sections_to_ram
                0x000031f8       0x30 C:/Freescale/CW MCU v10.5/MCU/ARM_GCC_Support/ewl/lib/armv7e-m/fpu\librt.a(ROMCopy.o)
                0x000031f8                __copy_rom_sections_to_ram
 .text.__destroy_global_chain
                0x00003228       0x18 C:/Freescale/CW MCU v10.5/MCU/ARM_GCC_Support/ewl/lib/armv7e-m/fpu\librt.a(__arm_eabi_init.o)
                0x00003228                __destroy_global_chain
 .text.__init_registers
                0x00003240       0x24 C:/Freescale/CW MCU v10.5/MCU/ARM_GCC_Support/ewl/lib/armv7e-m/fpu\librt.a(__arm_eabi_init.o)
                0x00003240                __init_registers
 .text.__fp_init
                0x00003264       0x1c C:/Freescale/CW MCU v10.5/MCU/ARM_GCC_Support/ewl/lib/armv7e-m/fpu\librt.a(__arm_eabi_init.o)
                0x00003264                __fp_init
 .text.__init_user
                0x00003280        0x4 C:/Freescale/CW MCU v10.5/MCU/ARM_GCC_Support/ewl/lib/armv7e-m/fpu\librt.a(__arm_eabi_init.o)
                0x00003280                __init_user
 *(.rodata)
 *(.rodata*)
 .rodata.DMA1_ChannelNumbers
                0x00003284        0x4 ./Generated_Code/DMA1.o
 .rodata.DMA1_ChannelMasks
                0x00003288        0x4 ./Generated_Code/DMA1.o
 .rodata.DMA1_ChannelInterrupts
                0x0000328c        0x4 ./Generated_Code/DMA1.o
 .rodata.str1.1
                0x00003290        0x1 C:/Freescale/CW MCU v10.5/MCU/ARM_GCC_Support/ewl/lib/armv7e-m/fpu\libc.a(printformat_.o)
 .rodata.CSWTCH.20
                0x00003291        0x5 C:/Freescale/CW MCU v10.5/MCU/ARM_GCC_Support/ewl/lib/armv7e-m/fpu\libc.a(printformat_.o)
 .rodata.CSWTCH.21
                0x00003296        0x5 C:/Freescale/CW MCU v10.5/MCU/ARM_GCC_Support/ewl/lib/armv7e-m/fpu\libc.a(printformat_.o)
 .rodata.__aeabi_ctype_table_C
                0x0000329b      0x101 C:/Freescale/CW MCU v10.5/MCU/ARM_GCC_Support/ewl/lib/armv7e-m/fpu\libc.a(ctype_aeabi.o)
                0x0000329b                __aeabi_ctype_table_C
 *(.glue_7)
 .glue_7        0x00000000        0x0 linker stubs
 *(.glue_7t)
 .glue_7t       0x00000000        0x0 linker stubs
 *(.eh_frame)
 *(.init)
 *(.fini)
                0x0000339c                . = ALIGN (0x4)
                0x0000339c                _etext = .

.vfp11_veneer   0x0000339c        0x0
 .vfp11_veneer  0x00000000        0x0 linker stubs

.v4_bx          0x0000339c        0x0
 .v4_bx         0x00000000        0x0 linker stubs

.iplt           0x0000339c        0x0
 .iplt          0x00000000        0x0 ./Generated_Code/modulePIT0.o

.rel.dyn        0x0000339c        0x0
 .rel.iplt      0x00000000        0x0 ./Generated_Code/modulePIT0.o

.ARM.extab
 *(.ARM.extab* .gnu.linkonce.armextab.*)

.ARM            0x0000339c        0x0
                0x0000339c                __exidx_start = .
 *(.ARM.exidx*)
                0x0000339c                __exidx_end = .

.ctors          0x0000339c        0x0
                0x0000339c                __CTOR_LIST__ = .
 *crtbegin.o(.ctors)
 *(EXCLUDE_FILE(*crtend.o) .ctors)
 *(SORT(.ctors.*))
 *(.ctors)
                0x0000339c                __CTOR_END__ = .

.dtors          0x0000339c        0x0
                0x0000339c                __DTOR_LIST__ = .
 *crtbegin.o(.dtors)
 *(EXCLUDE_FILE(*crtend.o) .dtors)
 *(SORT(.dtors.*))
 *(.dtors)
                0x0000339c                __DTOR_END__ = .

.preinit_array  0x0000339c        0x0
                0x0000339c                PROVIDE (__preinit_array_start, .)
 *(.preinit_array*)
                0x0000339c                PROVIDE (__preinit_array_end, .)

.init_array     0x0000339c        0x0
                0x0000339c                PROVIDE (__init_array_start, .)
 *(SORT(.init_array.*))
 *(.init_array*)
                0x0000339c                PROVIDE (__init_array_end, .)

.fini_array     0x0000339c        0x0
                0x0000339c                PROVIDE (__fini_array_start, .)
 *(SORT(.fini_array.*))
 *(.fini_array*)
                0x0000339c                PROVIDE (__fini_array_end, .)
                0x0000339c                ___ROM_AT = .

.data           0x1fff0000      0x200 load address 0x0000339c
                0x1fff0000                . = ALIGN (0x4)
                0x1fff0000                _sdata = .
 *(.data)
 *(.data*)
 .data.Sinus    0x1fff0000      0x200 ./Sources/ProcessorExpert.o
                0x1fff0000                Sinus
                0x1fff0200                . = ALIGN (0x4)
                0x1fff0200                _edata = .
                0x00000200                ___data_size = (_edata - _sdata)
                0x0000359c                ___m_data_20000000_ROMStart = (___ROM_AT + SIZEOF (.data))

.igot.plt       0x1fff0200        0x0 load address 0x0000359c
 .igot.plt      0x00000000        0x0 ./Generated_Code/modulePIT0.o

.m_data_20000000
                0x20000000        0x0 load address 0x0000359c
                0x20000000                . = ALIGN (0x4)
                0x20000000                ___m_data_20000000_RAMStart = .
 *(.m_data_20000000)
                0x20000000                ___m_data_20000000_RAMEnd = .
                0x20000000                . = ALIGN (0x4)
                0x00000000                ___m_data_20000000_ROMSize = (___m_data_20000000_RAMEnd - ___m_data_20000000_RAMStart)
                0x20000000                . = ALIGN (0x4)

.bss            0x1fff0200      0x13c load address 0x0000359c
                0x1fff0200                __START_BSS = .
                0x1fff0200                PROVIDE (__bss_start__, __START_BSS)
 *(.bss)
 *(.bss*)
 .bss.PE_LDD_DeviceDataList
                0x1fff0200        0xc ./Generated_Code/PE_LDD.o
                0x1fff0200                PE_LDD_DeviceDataList
 .bss.DeviceDataPtr__DEFAULT_RTOS_ALLOC
                0x1fff020c        0x8 ./Generated_Code/Inhr1.o
 .bss.DescriptorPtr__DEFAULT_RTOS_ALLOC
                0x1fff0214       0x54 ./Generated_Code/Inhr1.o
 .bss.DeviceDataPtr__DEFAULT_RTOS_ALLOC
                0x1fff0268       0x94 ./Generated_Code/DMA1.o
 .bss.INT_DMA_Error__DEFAULT_RTOS_ISRPARAM
                0x1fff02fc        0x4 ./Generated_Code/DMA1.o
 .bss.INT_DMA0_DMA16__DEFAULT_RTOS_ISRPARAM
                0x1fff0300        0x4 ./Generated_Code/DMA1.o
 .bss.DeviceDataPtr__DEFAULT_RTOS_ALLOC
                0x1fff0304        0xc ./Generated_Code/DAC.o
 .bss.SR_lock   0x1fff0310        0x1 ./Generated_Code/Cpu.o
                0x1fff0310                SR_lock
 *fill*         0x1fff0311        0x3 00
 .bss.argv      0x1fff0314        0x4 ./Project_Settings/Startup_Code/__arm_start.o
 .bss.state     0x1fff0318        0x1 ./Sources/Events.o
                0x1fff0318                state
 *fill*         0x1fff0319        0x3 00
 .bss.__stdio_exit
                0x1fff031c        0x4 C:/Freescale/CW MCU v10.5/MCU/ARM_GCC_Support/ewl/lib/armv7e-m/fpu\libc.a(exit.o)
                0x1fff031c                __stdio_exit
 .bss.__console_exit
                0x1fff0320        0x4 C:/Freescale/CW MCU v10.5/MCU/ARM_GCC_Support/ewl/lib/armv7e-m/fpu\libc.a(exit.o)
                0x1fff0320                __console_exit
 .bss.__S_romp  0x1fff0324        0xc C:/Freescale/CW MCU v10.5/MCU/ARM_GCC_Support/ewl/lib/armv7e-m/fpu\librt.a(ROMCopy.o)
 .bss.__global_destructor_chain
                0x1fff0330        0x4 C:/Freescale/CW MCU v10.5/MCU/ARM_GCC_Support/ewl/lib/armv7e-m/fpu\librt.a(__arm_eabi_init.o)
                0x1fff0330                __global_destructor_chain
 *(COMMON)
 COMMON         0x1fff0334        0x1 ./Generated_Code/Cpu.o
                0x1fff0334                SR_reg
 *fill*         0x1fff0335        0x3 00
 COMMON         0x1fff0338        0x4 ./Sources/ProcessorExpert.o
                0x1fff0338                DacPtr
                0x1fff033c                . = ALIGN (0x4)
                0x1fff033c                __END_BSS = .
                0x1fff033c                PROVIDE (__bss_end__, __END_BSS)
                0x0000359c                _romp_at = ((___ROM_AT + SIZEOF (.data)) + SIZEOF (.m_data_20000000))

.romp           0x1fff033c       0x24 load address 0x0000359c
                0x0000359c                __S_romp = _romp_at
                0x1fff033c        0x4 LONG 0x339c ___ROM_AT
                0x1fff0340        0x4 LONG 0x1fff0000 _sdata
                0x1fff0344        0x4 LONG 0x200 ___data_size
                0x1fff0348        0x4 LONG 0x359c ___m_data_20000000_ROMStart
                0x1fff034c        0x4 LONG 0x20000000 ___m_data_20000000_RAMStart
                0x1fff0350        0x4 LONG 0x0 ___m_data_20000000_ROMSize
                0x1fff0354        0x4 LONG 0x0
                0x1fff0358        0x4 LONG 0x0
                0x1fff035c        0x4 LONG 0x0

._user_heap_stack
                0x1fff0360      0x400 load address 0x000035c0
                0x1fff0360                . = ALIGN (0x4)
                0x1fff0360                PROVIDE (end, .)
                0x1fff0360                PROVIDE (_end, .)
                0x1fff0360                __heap_addr = .
                0x1fff0360                . = (. + __heap_size)
                0x1fff0760                . = (. + __stack_size)
 *fill*         0x1fff0360      0x400 00
                0x1fff0760                . = ALIGN (0x4)

.ARM.attributes
                0x00000000       0x3b
 *(.ARM.attributes)
 .ARM.attributes
                0x00000000       0x3b ./Generated_Code/modulePIT0.o
 .ARM.attributes
                0x0000003b       0x3b ./Generated_Code/Vectors.o
 .ARM.attributes
                0x00000076       0x3b ./Generated_Code/PE_LDD.o
 .ARM.attributes
                0x000000b1       0x3b ./Generated_Code/PDB.o
 .ARM.attributes
                0x000000ec       0x3b ./Generated_Code/Inhr1.o
 .ARM.attributes
                0x00000127       0x3b ./Generated_Code/DMA1.o
 .ARM.attributes
                0x00000162       0x3b ./Generated_Code/DAC.o
 .ARM.attributes
                0x0000019d       0x3b ./Generated_Code/Cpu.o
 .ARM.attributes
                0x000001d8       0x3b ./Project_Settings/Startup_Code/__arm_start.o
 .ARM.attributes
                0x00000213       0x3b ./Project_Settings/Startup_Code/__arm_end.o
 .ARM.attributes
                0x0000024e       0x3b ./Sources/ProcessorExpert.o
 .ARM.attributes
                0x00000289       0x3b ./Sources/Events.o
 .ARM.attributes
                0x000002c4       0x3b C:/Freescale/CW MCU v10.5/MCU/ARM_GCC_Support/ewl/lib/armv7e-m/fpu\libc.a(exit.o)
 .ARM.attributes
                0x000002ff       0x3b C:/Freescale/CW MCU v10.5/MCU/ARM_GCC_Support/ewl/lib/armv7e-m/fpu\libc.a(memset.o)
 .ARM.attributes
                0x0000033a       0x3b C:/Freescale/CW MCU v10.5/MCU/ARM_GCC_Support/ewl/lib/armv7e-m/fpu\libc.a(printformat_.o)
 .ARM.attributes
                0x00000375       0x3b C:/Freescale/CW MCU v10.5/MCU/ARM_GCC_Support/ewl/lib/armv7e-m/fpu\libc.a(scanformat_.o)
 .ARM.attributes
                0x000003b0       0x3b C:/Freescale/CW MCU v10.5/MCU/ARM_GCC_Support/ewl/lib/armv7e-m/fpu\libc.a(ctype_aeabi.o)
 .ARM.attributes
                0x000003eb       0x3b C:/Freescale/CW MCU v10.5/MCU/ARM_GCC_Support/ewl/lib/armv7e-m/fpu\libc.a(__strtoul.o)
 .ARM.attributes
                0x00000426       0x3b C:/Freescale/CW MCU v10.5/MCU/ARM_GCC_Support/ewl/lib/armv7e-m/fpu\libc.a(__filll_mem.o)
 .ARM.attributes
                0x00000461       0x3b C:/Freescale/CW MCU v10.5/MCU/ARM_GCC_Support/ewl/lib/armv7e-m/fpu\libc.a(memchr.o)
 .ARM.attributes
                0x0000049c       0x3b C:/Freescale/CW MCU v10.5/MCU/ARM_GCC_Support/ewl/lib/armv7e-m/fpu\libc.a(strchr.o)
 .ARM.attributes
                0x000004d7       0x3b C:/Freescale/CW MCU v10.5/MCU/ARM_GCC_Support/ewl/lib/armv7e-m/fpu\libc.a(strlen.o)
 .ARM.attributes
                0x00000512       0x3b C:/Freescale/CW MCU v10.5/MCU/ARM_GCC_Support/ewl/lib/armv7e-m/fpu\librt.a(gcc_ctor_dtor.o)
 .ARM.attributes
                0x0000054d       0x3b C:/Freescale/CW MCU v10.5/MCU/ARM_GCC_Support/ewl/lib/armv7e-m/fpu\librt.a(ROMCopy.o)
 .ARM.attributes
                0x00000588       0x3b C:/Freescale/CW MCU v10.5/MCU/ARM_GCC_Support/ewl/lib/armv7e-m/fpu\librt.a(__arm_eabi_init.o)
OUTPUT(dac.elf elf32-littlearm)

.debug_info     0x00000000     0x5d3e
 .debug_info    0x00000000      0x37f ./Generated_Code/modulePIT0.o
 .debug_info    0x0000037f      0x105 ./Generated_Code/Vectors.o
 .debug_info    0x00000484      0x24e ./Generated_Code/PE_LDD.o
 .debug_info    0x000006d2      0x45f ./Generated_Code/PDB.o
 .debug_info    0x00000b31      0x773 ./Generated_Code/Inhr1.o
 .debug_info    0x000012a4     0x1332 ./Generated_Code/DMA1.o
 .debug_info    0x000025d6      0x6f6 ./Generated_Code/DAC.o
 .debug_info    0x00002ccc      0xc89 ./Generated_Code/Cpu.o
 .debug_info    0x00003955      0x12a ./Project_Settings/Startup_Code/__arm_start.o
 .debug_info    0x00003a7f       0x54 ./Project_Settings/Startup_Code/__arm_end.o
 .debug_info    0x00003ad3      0x57b ./Sources/ProcessorExpert.o
 .debug_info    0x0000404e      0x1d7 ./Sources/Events.o
 .debug_info    0x00004225       0xe8 C:/Freescale/CW MCU v10.5/MCU/ARM_GCC_Support/ewl/lib/armv7e-m/fpu\libc.a(exit.o)
 .debug_info    0x0000430d       0xec C:/Freescale/CW MCU v10.5/MCU/ARM_GCC_Support/ewl/lib/armv7e-m/fpu\libc.a(memset.o)
 .debug_info    0x000043f9      0x50e C:/Freescale/CW MCU v10.5/MCU/ARM_GCC_Support/ewl/lib/armv7e-m/fpu\libc.a(printformat_.o)
 .debug_info    0x00004907      0x565 C:/Freescale/CW MCU v10.5/MCU/ARM_GCC_Support/ewl/lib/armv7e-m/fpu\libc.a(scanformat_.o)
 .debug_info    0x00004e6c      0x306 C:/Freescale/CW MCU v10.5/MCU/ARM_GCC_Support/ewl/lib/armv7e-m/fpu\libc.a(ctype_aeabi.o)
 .debug_info    0x00005172      0x1d6 C:/Freescale/CW MCU v10.5/MCU/ARM_GCC_Support/ewl/lib/armv7e-m/fpu\libc.a(__strtoul.o)
 .debug_info    0x00005348      0x135 C:/Freescale/CW MCU v10.5/MCU/ARM_GCC_Support/ewl/lib/armv7e-m/fpu\libc.a(__filll_mem.o)
 .debug_info    0x0000547d      0x120 C:/Freescale/CW MCU v10.5/MCU/ARM_GCC_Support/ewl/lib/armv7e-m/fpu\libc.a(memchr.o)
 .debug_info    0x0000559d      0x108 C:/Freescale/CW MCU v10.5/MCU/ARM_GCC_Support/ewl/lib/armv7e-m/fpu\libc.a(strchr.o)
 .debug_info    0x000056a5       0xeb C:/Freescale/CW MCU v10.5/MCU/ARM_GCC_Support/ewl/lib/armv7e-m/fpu\libc.a(strlen.o)
 .debug_info    0x00005790      0x136 C:/Freescale/CW MCU v10.5/MCU/ARM_GCC_Support/ewl/lib/armv7e-m/fpu\librt.a(gcc_ctor_dtor.o)
 .debug_info    0x000058c6      0x19a C:/Freescale/CW MCU v10.5/MCU/ARM_GCC_Support/ewl/lib/armv7e-m/fpu\librt.a(ROMCopy.o)
 .debug_info    0x00005a60      0x2de C:/Freescale/CW MCU v10.5/MCU/ARM_GCC_Support/ewl/lib/armv7e-m/fpu\librt.a(__arm_eabi_init.o)

.debug_abbrev   0x00000000     0x1826
 .debug_abbrev  0x00000000       0xbc ./Generated_Code/modulePIT0.o
 .debug_abbrev  0x000000bc       0xa3 ./Generated_Code/Vectors.o
 .debug_abbrev  0x0000015f      0x102 ./Generated_Code/PE_LDD.o
 .debug_abbrev  0x00000261       0xbc ./Generated_Code/PDB.o
 .debug_abbrev  0x0000031d      0x160 ./Generated_Code/Inhr1.o
 .debug_abbrev  0x0000047d      0x1fd ./Generated_Code/DMA1.o
 .debug_abbrev  0x0000067a      0x1ab ./Generated_Code/DAC.o
 .debug_abbrev  0x00000825      0x155 ./Generated_Code/Cpu.o
 .debug_abbrev  0x0000097a       0x92 ./Project_Settings/Startup_Code/__arm_start.o
 .debug_abbrev  0x00000a0c       0x4c ./Project_Settings/Startup_Code/__arm_end.o
 .debug_abbrev  0x00000a58       0xfc ./Sources/ProcessorExpert.o
 .debug_abbrev  0x00000b54       0xf5 ./Sources/Events.o
 .debug_abbrev  0x00000c49       0x7a C:/Freescale/CW MCU v10.5/MCU/ARM_GCC_Support/ewl/lib/armv7e-m/fpu\libc.a(exit.o)
 .debug_abbrev  0x00000cc3       0x62 C:/Freescale/CW MCU v10.5/MCU/ARM_GCC_Support/ewl/lib/armv7e-m/fpu\libc.a(memset.o)
 .debug_abbrev  0x00000d25      0x200 C:/Freescale/CW MCU v10.5/MCU/ARM_GCC_Support/ewl/lib/armv7e-m/fpu\libc.a(printformat_.o)
 .debug_abbrev  0x00000f25      0x1f0 C:/Freescale/CW MCU v10.5/MCU/ARM_GCC_Support/ewl/lib/armv7e-m/fpu\libc.a(scanformat_.o)
 .debug_abbrev  0x00001115       0x85 C:/Freescale/CW MCU v10.5/MCU/ARM_GCC_Support/ewl/lib/armv7e-m/fpu\libc.a(ctype_aeabi.o)
 .debug_abbrev  0x0000119a       0xc2 C:/Freescale/CW MCU v10.5/MCU/ARM_GCC_Support/ewl/lib/armv7e-m/fpu\libc.a(__strtoul.o)
 .debug_abbrev  0x0000125c       0x87 C:/Freescale/CW MCU v10.5/MCU/ARM_GCC_Support/ewl/lib/armv7e-m/fpu\libc.a(__filll_mem.o)
 .debug_abbrev  0x000012e3       0x95 C:/Freescale/CW MCU v10.5/MCU/ARM_GCC_Support/ewl/lib/armv7e-m/fpu\libc.a(memchr.o)
 .debug_abbrev  0x00001378       0x89 C:/Freescale/CW MCU v10.5/MCU/ARM_GCC_Support/ewl/lib/armv7e-m/fpu\libc.a(strchr.o)
 .debug_abbrev  0x00001401       0x7a C:/Freescale/CW MCU v10.5/MCU/ARM_GCC_Support/ewl/lib/armv7e-m/fpu\libc.a(strlen.o)
 .debug_abbrev  0x0000147b       0x99 C:/Freescale/CW MCU v10.5/MCU/ARM_GCC_Support/ewl/lib/armv7e-m/fpu\librt.a(gcc_ctor_dtor.o)
 .debug_abbrev  0x00001514      0x137 C:/Freescale/CW MCU v10.5/MCU/ARM_GCC_Support/ewl/lib/armv7e-m/fpu\librt.a(ROMCopy.o)
 .debug_abbrev  0x0000164b      0x1db C:/Freescale/CW MCU v10.5/MCU/ARM_GCC_Support/ewl/lib/armv7e-m/fpu\librt.a(__arm_eabi_init.o)

.debug_loc      0x00000000     0x2857
 .debug_loc     0x00000000       0x2c ./Generated_Code/modulePIT0.o
 .debug_loc     0x0000002c       0x9c ./Generated_Code/PE_LDD.o
 .debug_loc     0x000000c8       0x2c ./Generated_Code/PDB.o
 .debug_loc     0x000000f4      0x150 ./Generated_Code/Inhr1.o
 .debug_loc     0x00000244      0x348 ./Generated_Code/DMA1.o
 .debug_loc     0x0000058c      0x1f8 ./Generated_Code/DAC.o
 .debug_loc     0x00000784       0xe8 ./Generated_Code/Cpu.o
 .debug_loc     0x0000086c       0x2c ./Project_Settings/Startup_Code/__arm_start.o
 .debug_loc     0x00000898       0x38 ./Project_Settings/Startup_Code/__arm_end.o
 .debug_loc     0x000008d0       0x84 ./Sources/ProcessorExpert.o
 .debug_loc     0x00000954       0xbc ./Sources/Events.o
 .debug_loc     0x00000a10       0x3e C:/Freescale/CW MCU v10.5/MCU/ARM_GCC_Support/ewl/lib/armv7e-m/fpu\libc.a(exit.o)
 .debug_loc     0x00000a4e       0x64 C:/Freescale/CW MCU v10.5/MCU/ARM_GCC_Support/ewl/lib/armv7e-m/fpu\libc.a(memset.o)
 .debug_loc     0x00000ab2      0xbdc C:/Freescale/CW MCU v10.5/MCU/ARM_GCC_Support/ewl/lib/armv7e-m/fpu\libc.a(printformat_.o)
 .debug_loc     0x0000168e      0x8b6 C:/Freescale/CW MCU v10.5/MCU/ARM_GCC_Support/ewl/lib/armv7e-m/fpu\libc.a(scanformat_.o)
 .debug_loc     0x00001f44      0x18e C:/Freescale/CW MCU v10.5/MCU/ARM_GCC_Support/ewl/lib/armv7e-m/fpu\libc.a(ctype_aeabi.o)
 .debug_loc     0x000020d2      0x2bb C:/Freescale/CW MCU v10.5/MCU/ARM_GCC_Support/ewl/lib/armv7e-m/fpu\libc.a(__strtoul.o)
 .debug_loc     0x0000238d      0x12c C:/Freescale/CW MCU v10.5/MCU/ARM_GCC_Support/ewl/lib/armv7e-m/fpu\libc.a(__filll_mem.o)
 .debug_loc     0x000024b9       0x62 C:/Freescale/CW MCU v10.5/MCU/ARM_GCC_Support/ewl/lib/armv7e-m/fpu\libc.a(memchr.o)
 .debug_loc     0x0000251b       0x7c C:/Freescale/CW MCU v10.5/MCU/ARM_GCC_Support/ewl/lib/armv7e-m/fpu\libc.a(strchr.o)
 .debug_loc     0x00002597       0x26 C:/Freescale/CW MCU v10.5/MCU/ARM_GCC_Support/ewl/lib/armv7e-m/fpu\libc.a(strlen.o)
 .debug_loc     0x000025bd       0x9d C:/Freescale/CW MCU v10.5/MCU/ARM_GCC_Support/ewl/lib/armv7e-m/fpu\librt.a(gcc_ctor_dtor.o)
 .debug_loc     0x0000265a       0xb9 C:/Freescale/CW MCU v10.5/MCU/ARM_GCC_Support/ewl/lib/armv7e-m/fpu\librt.a(ROMCopy.o)
 .debug_loc     0x00002713      0x144 C:/Freescale/CW MCU v10.5/MCU/ARM_GCC_Support/ewl/lib/armv7e-m/fpu\librt.a(__arm_eabi_init.o)

.debug_aranges  0x00000000      0x520
 .debug_aranges
                0x00000000       0x20 ./Generated_Code/modulePIT0.o
 .debug_aranges
                0x00000020       0x18 ./Generated_Code/Vectors.o
 .debug_aranges
                0x00000038       0x30 ./Generated_Code/PE_LDD.o
 .debug_aranges
                0x00000068       0x20 ./Generated_Code/PDB.o
 .debug_aranges
                0x00000088       0x48 ./Generated_Code/Inhr1.o
 .debug_aranges
                0x000000d0       0x90 ./Generated_Code/DMA1.o
 .debug_aranges
                0x00000160       0x60 ./Generated_Code/DAC.o
 .debug_aranges
                0x000001c0       0x40 ./Generated_Code/Cpu.o
 .debug_aranges
                0x00000200       0x30 ./Project_Settings/Startup_Code/__arm_start.o
 .debug_aranges
                0x00000230       0x20 ./Project_Settings/Startup_Code/__arm_end.o
 .debug_aranges
                0x00000250       0x30 ./Sources/ProcessorExpert.o
 .debug_aranges
                0x00000280       0x38 ./Sources/Events.o
 .debug_aranges
                0x000002b8       0x20 C:/Freescale/CW MCU v10.5/MCU/ARM_GCC_Support/ewl/lib/armv7e-m/fpu\libc.a(exit.o)
 .debug_aranges
                0x000002d8       0x20 C:/Freescale/CW MCU v10.5/MCU/ARM_GCC_Support/ewl/lib/armv7e-m/fpu\libc.a(memset.o)
 .debug_aranges
                0x000002f8       0x28 C:/Freescale/CW MCU v10.5/MCU/ARM_GCC_Support/ewl/lib/armv7e-m/fpu\libc.a(printformat_.o)
 .debug_aranges
                0x00000320       0x20 C:/Freescale/CW MCU v10.5/MCU/ARM_GCC_Support/ewl/lib/armv7e-m/fpu\libc.a(scanformat_.o)
 .debug_aranges
                0x00000340       0x88 C:/Freescale/CW MCU v10.5/MCU/ARM_GCC_Support/ewl/lib/armv7e-m/fpu\libc.a(ctype_aeabi.o)
 .debug_aranges
                0x000003c8       0x20 C:/Freescale/CW MCU v10.5/MCU/ARM_GCC_Support/ewl/lib/armv7e-m/fpu\libc.a(__strtoul.o)
 .debug_aranges
                0x000003e8       0x20 C:/Freescale/CW MCU v10.5/MCU/ARM_GCC_Support/ewl/lib/armv7e-m/fpu\libc.a(__filll_mem.o)
 .debug_aranges
                0x00000408       0x20 C:/Freescale/CW MCU v10.5/MCU/ARM_GCC_Support/ewl/lib/armv7e-m/fpu\libc.a(memchr.o)
 .debug_aranges
                0x00000428       0x20 C:/Freescale/CW MCU v10.5/MCU/ARM_GCC_Support/ewl/lib/armv7e-m/fpu\libc.a(strchr.o)
 .debug_aranges
                0x00000448       0x20 C:/Freescale/CW MCU v10.5/MCU/ARM_GCC_Support/ewl/lib/armv7e-m/fpu\libc.a(strlen.o)
 .debug_aranges
                0x00000468       0x28 C:/Freescale/CW MCU v10.5/MCU/ARM_GCC_Support/ewl/lib/armv7e-m/fpu\librt.a(gcc_ctor_dtor.o)
 .debug_aranges
                0x00000490       0x30 C:/Freescale/CW MCU v10.5/MCU/ARM_GCC_Support/ewl/lib/armv7e-m/fpu\librt.a(ROMCopy.o)
 .debug_aranges
                0x000004c0       0x60 C:/Freescale/CW MCU v10.5/MCU/ARM_GCC_Support/ewl/lib/armv7e-m/fpu\librt.a(__arm_eabi_init.o)

.debug_macinfo  0x00000000   0x59b3ce
 .debug_macinfo
                0x00000000    0x847e4 ./Generated_Code/modulePIT0.o
 .debug_macinfo
                0x000847e4    0x915f5 ./Generated_Code/Vectors.o
 .debug_macinfo
                0x00115dd9    0x91607 ./Generated_Code/PE_LDD.o
 .debug_macinfo
                0x001a73e0    0x847e0 ./Generated_Code/PDB.o
 .debug_macinfo
                0x0022bbc0    0x915f2 ./Generated_Code/Inhr1.o
 .debug_macinfo
                0x002bd1b2    0x915f2 ./Generated_Code/DMA1.o
 .debug_macinfo
                0x0034e7a4    0x915e5 ./Generated_Code/DAC.o
 .debug_macinfo
                0x003dfd89    0x915f9 ./Generated_Code/Cpu.o
 .debug_macinfo
                0x00471382     0x3f41 ./Project_Settings/Startup_Code/__arm_start.o
 .debug_macinfo
                0x004752c3     0x352a ./Project_Settings/Startup_Code/__arm_end.o
 .debug_macinfo
                0x004787ed    0x915fc ./Sources/ProcessorExpert.o
 .debug_macinfo
                0x00509de9    0x915e5 ./Sources/Events.o

.debug_line     0x00000000     0x360d
 .debug_line    0x00000000      0x1e4 ./Generated_Code/modulePIT0.o
 .debug_line    0x000001e4      0x36d ./Generated_Code/Vectors.o
 .debug_line    0x00000551      0x3b6 ./Generated_Code/PE_LDD.o
 .debug_line    0x00000907      0x1e7 ./Generated_Code/PDB.o
 .debug_line    0x00000aee      0x3f5 ./Generated_Code/Inhr1.o
 .debug_line    0x00000ee3      0x562 ./Generated_Code/DMA1.o
 .debug_line    0x00001445      0x3ed ./Generated_Code/DAC.o
 .debug_line    0x00001832      0x40a ./Generated_Code/Cpu.o
 .debug_line    0x00001c3c      0x2ab ./Project_Settings/Startup_Code/__arm_start.o
 .debug_line    0x00001ee7      0x266 ./Project_Settings/Startup_Code/__arm_end.o
 .debug_line    0x0000214d      0x35a ./Sources/ProcessorExpert.o
 .debug_line    0x000024a7      0x34b ./Sources/Events.o
 .debug_line    0x000027f2       0x94 C:/Freescale/CW MCU v10.5/MCU/ARM_GCC_Support/ewl/lib/armv7e-m/fpu\libc.a(exit.o)
 .debug_line    0x00002886       0x8f C:/Freescale/CW MCU v10.5/MCU/ARM_GCC_Support/ewl/lib/armv7e-m/fpu\libc.a(memset.o)
 .debug_line    0x00002915      0x2b4 C:/Freescale/CW MCU v10.5/MCU/ARM_GCC_Support/ewl/lib/armv7e-m/fpu\libc.a(printformat_.o)
 .debug_line    0x00002bc9      0x2df C:/Freescale/CW MCU v10.5/MCU/ARM_GCC_Support/ewl/lib/armv7e-m/fpu\libc.a(scanformat_.o)
 .debug_line    0x00002ea8      0x1a9 C:/Freescale/CW MCU v10.5/MCU/ARM_GCC_Support/ewl/lib/armv7e-m/fpu\libc.a(ctype_aeabi.o)
 .debug_line    0x00003051      0x11b C:/Freescale/CW MCU v10.5/MCU/ARM_GCC_Support/ewl/lib/armv7e-m/fpu\libc.a(__strtoul.o)
 .debug_line    0x0000316c       0xcd C:/Freescale/CW MCU v10.5/MCU/ARM_GCC_Support/ewl/lib/armv7e-m/fpu\libc.a(__filll_mem.o)
 .debug_line    0x00003239       0x9f C:/Freescale/CW MCU v10.5/MCU/ARM_GCC_Support/ewl/lib/armv7e-m/fpu\libc.a(memchr.o)
 .debug_line    0x000032d8       0x7d C:/Freescale/CW MCU v10.5/MCU/ARM_GCC_Support/ewl/lib/armv7e-m/fpu\libc.a(strchr.o)
 .debug_line    0x00003355       0x83 C:/Freescale/CW MCU v10.5/MCU/ARM_GCC_Support/ewl/lib/armv7e-m/fpu\libc.a(strlen.o)
 .debug_line    0x000033d8       0x67 C:/Freescale/CW MCU v10.5/MCU/ARM_GCC_Support/ewl/lib/armv7e-m/fpu\librt.a(gcc_ctor_dtor.o)
 .debug_line    0x0000343f       0xa9 C:/Freescale/CW MCU v10.5/MCU/ARM_GCC_Support/ewl/lib/armv7e-m/fpu\librt.a(ROMCopy.o)
 .debug_line    0x000034e8      0x125 C:/Freescale/CW MCU v10.5/MCU/ARM_GCC_Support/ewl/lib/armv7e-m/fpu\librt.a(__arm_eabi_init.o)

.debug_str      0x00000000     0x1d6f
 .debug_str     0x00000000      0x242 ./Generated_Code/modulePIT0.o
                                0x26e (size before relaxing)
 .debug_str     0x00000242       0x55 ./Generated_Code/Vectors.o
                                0x17a (size before relaxing)
 .debug_str     0x00000297      0x19d ./Generated_Code/PE_LDD.o
                                0x2dd (size before relaxing)
 .debug_str     0x00000434       0x4f ./Generated_Code/PDB.o
                                0x257 (size before relaxing)
 .debug_str     0x00000483      0x56c ./Generated_Code/Inhr1.o
                                0x79f (size before relaxing)
 .debug_str     0x000009ef      0x51d ./Generated_Code/DMA1.o
                                0xca3 (size before relaxing)
 .debug_str     0x00000f0c      0x22c ./Generated_Code/DAC.o
                                0x524 (size before relaxing)
 .debug_str     0x00001138      0x28c ./Generated_Code/Cpu.o
                                0x52a (size before relaxing)
 .debug_str     0x000013c4       0x85 ./Project_Settings/Startup_Code/__arm_start.o
                                0x1a8 (size before relaxing)
 .debug_str     0x00001449       0x41 ./Project_Settings/Startup_Code/__arm_end.o
                                 0xdf (size before relaxing)
 .debug_str     0x0000148a       0x38 ./Sources/ProcessorExpert.o
                                0x2bc (size before relaxing)
 .debug_str     0x000014c2       0x4d ./Sources/Events.o
                                0x1dc (size before relaxing)
 .debug_str     0x0000150f       0x54 C:/Freescale/CW MCU v10.5/MCU/ARM_GCC_Support/ewl/lib/armv7e-m/fpu\libc.a(exit.o)
                                0x157 (size before relaxing)
 .debug_str     0x00001563       0x23 C:/Freescale/CW MCU v10.5/MCU/ARM_GCC_Support/ewl/lib/armv7e-m/fpu\libc.a(memset.o)
                                0x140 (size before relaxing)
 .debug_str     0x00001586      0x23b C:/Freescale/CW MCU v10.5/MCU/ARM_GCC_Support/ewl/lib/armv7e-m/fpu\libc.a(printformat_.o)
                                0x3b3 (size before relaxing)
 .debug_str     0x000017c1      0x184 C:/Freescale/CW MCU v10.5/MCU/ARM_GCC_Support/ewl/lib/armv7e-m/fpu\libc.a(scanformat_.o)
                                0x3f9 (size before relaxing)
 .debug_str     0x00001945       0x9d C:/Freescale/CW MCU v10.5/MCU/ARM_GCC_Support/ewl/lib/armv7e-m/fpu\libc.a(ctype_aeabi.o)
                                0x1bc (size before relaxing)
 .debug_str     0x000019e2       0x61 C:/Freescale/CW MCU v10.5/MCU/ARM_GCC_Support/ewl/lib/armv7e-m/fpu\libc.a(__strtoul.o)
                                0x1fb (size before relaxing)
 .debug_str     0x00001a43       0x25 C:/Freescale/CW MCU v10.5/MCU/ARM_GCC_Support/ewl/lib/armv7e-m/fpu\libc.a(__filll_mem.o)
                                0x152 (size before relaxing)
 .debug_str     0x00001a68       0x1c C:/Freescale/CW MCU v10.5/MCU/ARM_GCC_Support/ewl/lib/armv7e-m/fpu\libc.a(memchr.o)
                                0x148 (size before relaxing)
 .debug_str     0x00001a84       0x1c C:/Freescale/CW MCU v10.5/MCU/ARM_GCC_Support/ewl/lib/armv7e-m/fpu\libc.a(strchr.o)
                                0x137 (size before relaxing)
 .debug_str     0x00001aa0       0x1c C:/Freescale/CW MCU v10.5/MCU/ARM_GCC_Support/ewl/lib/armv7e-m/fpu\libc.a(strlen.o)
                                0x140 (size before relaxing)
 .debug_str     0x00001abc      0x126 C:/Freescale/CW MCU v10.5/MCU/ARM_GCC_Support/ewl/lib/armv7e-m/fpu\librt.a(gcc_ctor_dtor.o)
                                0x181 (size before relaxing)
 .debug_str     0x00001be2       0x95 C:/Freescale/CW MCU v10.5/MCU/ARM_GCC_Support/ewl/lib/armv7e-m/fpu\librt.a(ROMCopy.o)
                                0x13c (size before relaxing)
 .debug_str     0x00001c77       0xf8 C:/Freescale/CW MCU v10.5/MCU/ARM_GCC_Support/ewl/lib/armv7e-m/fpu\librt.a(__arm_eabi_init.o)
                                0x1bf (size before relaxing)

.comment        0x00000000       0x79
 .comment       0x00000000       0x79 ./Generated_Code/modulePIT0.o
                                 0x7a (size before relaxing)
 .comment       0x00000000       0x7a ./Generated_Code/Vectors.o
 .comment       0x00000000       0x7a ./Generated_Code/PE_LDD.o
 .comment       0x00000000       0x7a ./Generated_Code/PDB.o
 .comment       0x00000000       0x7a ./Generated_Code/Inhr1.o
 .comment       0x00000000       0x7a ./Generated_Code/DMA1.o
 .comment       0x00000000       0x7a ./Generated_Code/DAC.o
 .comment       0x00000000       0x7a ./Generated_Code/Cpu.o
 .comment       0x00000000       0x7a ./Project_Settings/Startup_Code/__arm_start.o
 .comment       0x00000000       0x7a ./Project_Settings/Startup_Code/__arm_end.o
 .comment       0x00000000       0x7a ./Sources/ProcessorExpert.o
 .comment       0x00000000       0x7a ./Sources/Events.o
 .comment       0x00000000       0x7a C:/Freescale/CW MCU v10.5/MCU/ARM_GCC_Support/ewl/lib/armv7e-m/fpu\libc.a(exit.o)
 .comment       0x00000000       0x7a C:/Freescale/CW MCU v10.5/MCU/ARM_GCC_Support/ewl/lib/armv7e-m/fpu\libc.a(memset.o)
 .comment       0x00000000       0x7a C:/Freescale/CW MCU v10.5/MCU/ARM_GCC_Support/ewl/lib/armv7e-m/fpu\libc.a(printformat_.o)
 .comment       0x00000000       0x7a C:/Freescale/CW MCU v10.5/MCU/ARM_GCC_Support/ewl/lib/armv7e-m/fpu\libc.a(scanformat_.o)
 .comment       0x00000000       0x7a C:/Freescale/CW MCU v10.5/MCU/ARM_GCC_Support/ewl/lib/armv7e-m/fpu\libc.a(ctype_aeabi.o)
 .comment       0x00000000       0x7a C:/Freescale/CW MCU v10.5/MCU/ARM_GCC_Support/ewl/lib/armv7e-m/fpu\libc.a(__strtoul.o)
 .comment       0x00000000       0x7a C:/Freescale/CW MCU v10.5/MCU/ARM_GCC_Support/ewl/lib/armv7e-m/fpu\libc.a(__filll_mem.o)
 .comment       0x00000000       0x7a C:/Freescale/CW MCU v10.5/MCU/ARM_GCC_Support/ewl/lib/armv7e-m/fpu\libc.a(memchr.o)
 .comment       0x00000000       0x7a C:/Freescale/CW MCU v10.5/MCU/ARM_GCC_Support/ewl/lib/armv7e-m/fpu\libc.a(strchr.o)
 .comment       0x00000000       0x7a C:/Freescale/CW MCU v10.5/MCU/ARM_GCC_Support/ewl/lib/armv7e-m/fpu\libc.a(strlen.o)
 .comment       0x00000000       0x7a C:/Freescale/CW MCU v10.5/MCU/ARM_GCC_Support/ewl/lib/armv7e-m/fpu\librt.a(gcc_ctor_dtor.o)
 .comment       0x00000000       0x7a C:/Freescale/CW MCU v10.5/MCU/ARM_GCC_Support/ewl/lib/armv7e-m/fpu\librt.a(ROMCopy.o)
 .comment       0x00000000       0x7a C:/Freescale/CW MCU v10.5/MCU/ARM_GCC_Support/ewl/lib/armv7e-m/fpu\librt.a(__arm_eabi_init.o)

.debug_frame    0x00000000      0xa64
 .debug_frame   0x00000000       0x28 ./Generated_Code/modulePIT0.o
 .debug_frame   0x00000028       0x64 ./Generated_Code/PE_LDD.o
 .debug_frame   0x0000008c       0x28 ./Generated_Code/PDB.o
 .debug_frame   0x000000b4       0xd0 ./Generated_Code/Inhr1.o
 .debug_frame   0x00000184      0x1d8 ./Generated_Code/DMA1.o
 .debug_frame   0x0000035c      0x11c ./Generated_Code/DAC.o
 .debug_frame   0x00000478       0xa4 ./Generated_Code/Cpu.o
 .debug_frame   0x0000051c       0x4c ./Project_Settings/Startup_Code/__arm_start.o
 .debug_frame   0x00000568       0x2c ./Project_Settings/Startup_Code/__arm_end.o
 .debug_frame   0x00000594       0x5c ./Sources/ProcessorExpert.o
 .debug_frame   0x000005f0       0x88 ./Sources/Events.o
 .debug_frame   0x00000678       0x28 C:/Freescale/CW MCU v10.5/MCU/ARM_GCC_Support/ewl/lib/armv7e-m/fpu\libc.a(exit.o)
 .debug_frame   0x000006a0       0x28 C:/Freescale/CW MCU v10.5/MCU/ARM_GCC_Support/ewl/lib/armv7e-m/fpu\libc.a(memset.o)
 .debug_frame   0x000006c8       0x64 C:/Freescale/CW MCU v10.5/MCU/ARM_GCC_Support/ewl/lib/armv7e-m/fpu\libc.a(printformat_.o)
 .debug_frame   0x0000072c       0x3c C:/Freescale/CW MCU v10.5/MCU/ARM_GCC_Support/ewl/lib/armv7e-m/fpu\libc.a(scanformat_.o)
 .debug_frame   0x00000768       0xf0 C:/Freescale/CW MCU v10.5/MCU/ARM_GCC_Support/ewl/lib/armv7e-m/fpu\libc.a(ctype_aeabi.o)
 .debug_frame   0x00000858       0x3c C:/Freescale/CW MCU v10.5/MCU/ARM_GCC_Support/ewl/lib/armv7e-m/fpu\libc.a(__strtoul.o)
 .debug_frame   0x00000894       0x2c C:/Freescale/CW MCU v10.5/MCU/ARM_GCC_Support/ewl/lib/armv7e-m/fpu\libc.a(__filll_mem.o)
 .debug_frame   0x000008c0       0x20 C:/Freescale/CW MCU v10.5/MCU/ARM_GCC_Support/ewl/lib/armv7e-m/fpu\libc.a(memchr.o)
 .debug_frame   0x000008e0       0x20 C:/Freescale/CW MCU v10.5/MCU/ARM_GCC_Support/ewl/lib/armv7e-m/fpu\libc.a(strchr.o)
 .debug_frame   0x00000900       0x20 C:/Freescale/CW MCU v10.5/MCU/ARM_GCC_Support/ewl/lib/armv7e-m/fpu\libc.a(strlen.o)
 .debug_frame   0x00000920       0x40 C:/Freescale/CW MCU v10.5/MCU/ARM_GCC_Support/ewl/lib/armv7e-m/fpu\librt.a(gcc_ctor_dtor.o)
 .debug_frame   0x00000960       0x48 C:/Freescale/CW MCU v10.5/MCU/ARM_GCC_Support/ewl/lib/armv7e-m/fpu\librt.a(ROMCopy.o)
 .debug_frame   0x000009a8       0xbc C:/Freescale/CW MCU v10.5/MCU/ARM_GCC_Support/ewl/lib/armv7e-m/fpu\librt.a(__arm_eabi_init.o)
